neo.c:102:5:dram_init	8	static
neo.c:223:5:board_eth_init	24	static
neo.c:254:5:board_phy_config	8	static
neo.c:497:5:power_init_board	16	static
neo.c:619:6:ldo_mode_set	24	static
neo.c:704:5:board_usb_phy_mode	0	static
neo.c:712:5:board_ehci_hcd_init	0	static
neo.c:729:5:board_early_init_f	8	static
neo.c:752:5:mmc_get_env_devno	0	static
neo.c:776:5:mmc_map_to_kernel_blk	0	static
neo.c:781:5:board_mmc_getcd	8	static
neo.c:795:5:board_mmc_init	16	static
neo.c:869:5:check_mmc_autodetect	8	static
neo.c:881:6:board_late_mmc_init	72	static
neo.c:916:5:board_qspi_init	8	static
neo.c:929:5:board_init	8	static
neo.c:970:5:board_late_init	8	static
neo.c:979:5:get_board_rev	0	static
neo.c:984:5:checkboard	8	static
neo.c:1032:5:isspace	0	static
neo.c:1036:7:trim	8	static
neo.c:1068:5:do_udooinit	136	static
