Archive member included to satisfy reference by file (symbol)

/usr/lib/gcc-cross/arm-linux-gnueabihf/5/libgcc.a(_udivsi3.o)
                              arch/arm/cpu/armv7/built-in.o (__aeabi_uidiv)
/usr/lib/gcc-cross/arm-linux-gnueabihf/5/libgcc.a(_divsi3.o)
                              common/built-in.o (__aeabi_idiv)
/usr/lib/gcc-cross/arm-linux-gnueabihf/5/libgcc.a(_lshrdi3.o)
                              fs/built-in.o (__aeabi_llsr)
/usr/lib/gcc-cross/arm-linux-gnueabihf/5/libgcc.a(_ashldi3.o)
                              drivers/mmc/built-in.o (__aeabi_llsl)
/usr/lib/gcc-cross/arm-linux-gnueabihf/5/libgcc.a(_dvmd_lnx.o)
                              /usr/lib/gcc-cross/arm-linux-gnueabihf/5/libgcc.a(_udivsi3.o) (__aeabi_idiv0)

Discarded input sections

 .data          0x0000000000000000        0x0 arch/arm/cpu/armv7/start.o
 .bss           0x0000000000000000        0x0 arch/arm/cpu/armv7/start.o
 .text.v7_outer_cache_flush_all
                0x0000000000000000        0x2 arch/arm/cpu/armv7/built-in.o
 .text.v7_outer_cache_inval_all
                0x0000000000000000        0x2 arch/arm/cpu/armv7/built-in.o
 .text.v7_outer_cache_flush_range
                0x0000000000000000        0x2 arch/arm/cpu/armv7/built-in.o
 .text.v7_outer_cache_inval_range
                0x0000000000000000        0x2 arch/arm/cpu/armv7/built-in.o
 .text.v7_arch_cp15_set_l2aux_ctrl
                0x0000000000000000        0x6 arch/arm/cpu/armv7/built-in.o
 .text.v7_arch_cp15_set_acr
                0x0000000000000000        0x6 arch/arm/cpu/armv7/built-in.o
 .text.sdelay   0x0000000000000000        0x6 arch/arm/cpu/armv7/built-in.o
 .text.wait_on_value
                0x0000000000000000       0x1a arch/arm/cpu/armv7/built-in.o
 .text.get_board_rev
                0x0000000000000000       0x26 arch/arm/cpu/armv7/built-in.o
 .text.vadc_power_up
                0x0000000000000000       0x4c arch/arm/cpu/armv7/built-in.o
 .text.vadc_power_down
                0x0000000000000000       0x28 arch/arm/cpu/armv7/built-in.o
 .text.pcie_power_up
                0x0000000000000000        0xa arch/arm/cpu/armv7/built-in.o
 .text.pcie_power_off
                0x0000000000000000        0x8 arch/arm/cpu/armv7/built-in.o
 .text.arch_auxiliary_core_up
                0x0000000000000000       0x2c arch/arm/cpu/armv7/built-in.o
 .text.arch_auxiliary_core_check_up
                0x0000000000000000       0x14 arch/arm/cpu/armv7/built-in.o
 .text.get_boot_device
                0x0000000000000000       0x4c arch/arm/cpu/armv7/built-in.o
 .text.check_1_2G
                0x0000000000000000       0x40 arch/arm/cpu/armv7/built-in.o
 .text.set_arm_freq_400M
                0x0000000000000000       0x18 arch/arm/cpu/armv7/built-in.o
 .text.enable_pll_video.constprop.2
                0x0000000000000000       0x90 arch/arm/cpu/armv7/built-in.o
 .text.enable_uart_clk
                0x0000000000000000       0x1c arch/arm/cpu/armv7/built-in.o
 .text.enable_usdhc_clk
                0x0000000000000000       0x38 arch/arm/cpu/armv7/built-in.o
 .text.enable_spi_clk
                0x0000000000000000       0x2c arch/arm/cpu/armv7/built-in.o
 .text.enable_lvds
                0x0000000000000000       0x74 arch/arm/cpu/armv7/built-in.o
 .text.enable_lcdif_clock
                0x0000000000000000       0x40 arch/arm/cpu/armv7/built-in.o
 .text.mxs_set_lcdclk
                0x0000000000000000      0x140 arch/arm/cpu/armv7/built-in.o
 .text.mxs_set_vadcclk
                0x0000000000000000       0x18 arch/arm/cpu/armv7/built-in.o
 .text.enable_pcie_clock
                0x0000000000000000       0x94 arch/arm/cpu/armv7/built-in.o
 .rodata.soc_boot_modes
                0x0000000000000000       0x60 arch/arm/cpu/armv7/built-in.o
 .data          0x0000000000000000        0x0 arch/arm/cpu/armv7/built-in.o
 .bss           0x0000000000000000        0x0 arch/arm/cpu/armv7/built-in.o
 .text          0x0000000000000000        0x0 arch/arm/imx-common/built-in.o
 .text.imx_iomux_set_gpr_register
                0x0000000000000000       0x2c arch/arm/imx-common/built-in.o
 .text.get_imx_reset_cause
                0x0000000000000000        0xc arch/arm/imx-common/built-in.o
 .text.imx_ddr_size
                0x0000000000000000       0x4c arch/arm/imx-common/built-in.o
 .text.set_chipselect_size
                0x0000000000000000       0x5c arch/arm/imx-common/built-in.o
 .text.mxs_wait_mask_set
                0x0000000000000000       0x24 arch/arm/imx-common/built-in.o
 .text.mxs_wait_mask_clr
                0x0000000000000000       0x22 arch/arm/imx-common/built-in.o
 .text.mxs_reset_block
                0x0000000000000000       0x58 arch/arm/imx-common/built-in.o
 .text.usec2ticks
                0x0000000000000000       0x4c arch/arm/imx-common/built-in.o
 .text.create_usage
                0x0000000000000000       0x68 arch/arm/imx-common/built-in.o
 .text.add_board_boot_modes
                0x0000000000000000       0x3c arch/arm/imx-common/built-in.o
[...]
Memory Configuration

Name             Origin             Length             Attributes
*default*        0x0000000000000000 0xffffffffffffffff

Linker script and memory map

Address of section .text set to 0x87800000
                0x0000000000000000                . = 0x0
                0x0000000000000000                . = ALIGN (0x4)

.text           0x0000000087800000    0x21cfc
 *(.__image_copy_start)
 .__image_copy_start
                0x0000000087800000        0x0 arch/arm/lib/built-in.o
                0x0000000087800000                __image_copy_start
 *(.vectors)
 .vectors       0x0000000087800000      0x2e8 arch/arm/lib/built-in.o
                0x0000000087800000                _start
                0x0000000087800020                _undefined_instruction
                0x0000000087800024                _software_interrupt
                0x0000000087800028                _prefetch_abort
                0x000000008780002c                _data_abort
                0x0000000087800030                _not_used
                0x0000000087800034                _irq
                0x0000000087800038                _fiq
                0x0000000087800040                IRQ_STACK_START_IN
 arch/arm/cpu/armv7/start.o(.text*)
 .text          0x00000000878002e8       0xbc arch/arm/cpu/armv7/start.o
                0x00000000878002e8                reset
                0x00000000878002ec                save_boot_params_ret
                0x0000000087800328                c_runtime_cpu_setup
                0x0000000087800338                save_boot_params
                0x000000008780033c                cpu_init_cp15
                0x000000008780039c                cpu_init_crit
 *(.text*)
 .text          0x00000000878003a4       0x1c arch/arm/cpu/armv7/built-in.o
                0x00000000878003a4                lowlevel_init
 .text.v7_maint_dcache_all
                0x00000000878003c0       0xb8 arch/arm/cpu/armv7/built-in.o
 .text.invalidate_icache_all
                0x0000000087800478       0x14 arch/arm/cpu/armv7/built-in.o
                0x0000000087800478                invalidate_icache_all
 .text.v7_outer_cache_enable
                0x000000008780048c       0x70 arch/arm/cpu/armv7/built-in.o
                0x0000000087800490                v7_outer_cache_enable
 .text.v7_outer_cache_disable
                0x00000000878004fc       0x14 arch/arm/cpu/armv7/built-in.o
                0x0000000087800500                v7_outer_cache_disable
 .text.flush_dcache_all
                0x0000000087800510       0x10 arch/arm/cpu/armv7/built-in.o
                0x0000000087800510                flush_dcache_all
 .text.invalidate_dcache_all
                0x0000000087800520       0x10 arch/arm/cpu/armv7/built-in.o
                0x0000000087800520                invalidate_dcache_all
 .text.arm_init_before_mmu
                0x0000000087800530       0x22 arch/arm/cpu/armv7/built-in.o
                0x0000000087800530                arm_init_before_mmu
 .text.flush_dcache_range
                0x0000000087800552       0x28 arch/arm/cpu/armv7/built-in.o
                0x0000000087800552                flush_dcache_range
 .text.mmu_page_table_flush
                0x000000008780057a       0x1e arch/arm/cpu/armv7/built-in.o
                0x000000008780057a                mmu_page_table_flush
 .text.flush_cache
                0x0000000087800598        0x6 arch/arm/cpu/armv7/built-in.o
                0x0000000087800598                flush_cache
 *fill*         0x000000008780059e        0x2 
 .text.invalidate_dcache_range
                0x00000000878005a0       0x78 arch/arm/cpu/armv7/built-in.o
                0x00000000878005a0                invalidate_dcache_range
 .text.cpu_cache_initialization
                0x0000000087800618        0x2 arch/arm/cpu/armv7/built-in.o
                0x0000000087800618                cpu_cache_initialization
 .text.cleanup_before_linux
                0x000000008780061a       0x22 arch/arm/cpu/armv7/built-in.o
                0x000000008780061a                cleanup_before_linux
 .text.set_ldo_voltage
                0x000000008780063c       0x88 arch/arm/cpu/armv7/built-in.o
 .text.get_nr_cpus
                0x00000000878006c4        0xc arch/arm/cpu/armv7/built-in.o
                0x00000000878006c4                get_nr_cpus
 .text.get_cpu_rev
                0x00000000878006d0       0x4c arch/arm/cpu/armv7/built-in.o
                0x00000000878006d0                get_cpu_rev
 .text.init_aips
                0x000000008780071c       0x44 arch/arm/cpu/armv7/built-in.o
                0x000000008780071c                init_aips
 .text.arch_cpu_init
                0x0000000087800760      0x12c arch/arm/cpu/armv7/built-in.o
                0x0000000087800760                arch_cpu_init
 .text.board_postclk_init
                0x000000008780088c       0x10 arch/arm/cpu/armv7/built-in.o
                0x000000008780088c                board_postclk_init
 .text.enable_caches
                0x000000008780089c       0x2c arch/arm/cpu/armv7/built-in.o
                0x000000008780089c                enable_caches
 .text.imx_get_mac_from_fuse
                0x00000000878008c8       0x44 arch/arm/cpu/armv7/built-in.o
                0x00000000878008c8                imx_get_mac_from_fuse
 .text.boot_mode_apply
                0x000000008780090c       0x1c arch/arm/cpu/armv7/built-in.o
                0x000000008780090c                boot_mode_apply
 .text.s_init   0x0000000087800928       0x8c arch/arm/cpu/armv7/built-in.o
                0x0000000087800928                s_init
 .text.set_wdog_reset
                0x00000000878009b4        0xe arch/arm/cpu/armv7/built-in.o
                0x00000000878009b4                set_wdog_reset
 .text.reset_misc
                0x00000000878009c2        0x2 arch/arm/cpu/armv7/built-in.o
                0x00000000878009c2                reset_misc
 .text.check_ldo_bypass
                0x00000000878009c4       0x58 arch/arm/cpu/armv7/built-in.o
                0x00000000878009c4                check_ldo_bypass
 .text.prep_anatop_bypass
                0x0000000087800a1c       0x20 arch/arm/cpu/armv7/built-in.o
                0x0000000087800a1c                prep_anatop_bypass
 .text.set_anatop_bypass
                0x0000000087800a3c       0x3c arch/arm/cpu/armv7/built-in.o
                0x0000000087800a3c                set_anatop_bypass
 .text.finish_anatop_bypass
                0x0000000087800a78       0x14 arch/arm/cpu/armv7/built-in.o
                0x0000000087800a78                finish_anatop_bypass
 .text.get_ipg_clk
                0x0000000087800a8c       0x1c arch/arm/cpu/armv7/built-in.o
 .text.get_uart_clk
                0x0000000087800aa8       0x40 arch/arm/cpu/armv7/built-in.o
 .text.mxc_get_pll_pfd
                0x0000000087800ae8       0x78 arch/arm/cpu/armv7/built-in.o
 .text.get_usdhc_clk
                0x0000000087800b60       0x58 arch/arm/cpu/armv7/built-in.o
 .text.enable_ocotp_clk
                0x0000000087800bb8       0x1c arch/arm/cpu/armv7/built-in.o
                0x0000000087800bb8                enable_ocotp_clk
 .text.enable_usboh3_clk
                0x0000000087800bd4       0x20 arch/arm/cpu/armv7/built-in.o
                0x0000000087800bd4                enable_usboh3_clk
 .text.enable_i2c_clk
                0x0000000087800bf4       0x4c arch/arm/cpu/armv7/built-in.o
                0x0000000087800bf4                enable_i2c_clk
 .text.get_periph_clk
                0x0000000087800c40       0x8c arch/arm/cpu/armv7/built-in.o
                0x0000000087800c40                get_periph_clk
 .text.get_axi_clk
                0x0000000087800ccc       0x34 arch/arm/cpu/armv7/built-in.o
 .text.enable_qspi_clk
                0x0000000087800d00       0x68 arch/arm/cpu/armv7/built-in.o
                0x0000000087800d00                enable_qspi_clk
 .text.enable_fec_anatop_clock
                0x0000000087800d68       0x94 arch/arm/cpu/armv7/built-in.o
                0x0000000087800d68                enable_fec_anatop_clock
 .text.imx_get_uartclk
                0x0000000087800dfc        0x4 arch/arm/cpu/armv7/built-in.o
                0x0000000087800dfc                imx_get_uartclk
 .text.enable_thermal_clk
                0x0000000087800e00       0x2c arch/arm/cpu/armv7/built-in.o
                0x0000000087800e00                enable_thermal_clk
 .text.mxc_get_clock
                0x0000000087800e2c      0x194 arch/arm/cpu/armv7/built-in.o
                0x0000000087800e2c                mxc_get_clock
 .text.imx_get_fecclk
                0x0000000087800fc0        0x6 arch/arm/cpu/armv7/built-in.o
                0x0000000087800fc0                imx_get_fecclk
 *fill*         0x0000000087800fc6        0x2 
 .text.do_mx6_showclocks
                0x0000000087800fc8      0x1a8 arch/arm/cpu/armv7/built-in.o
                0x0000000087800fc8                do_mx6_showclocks
 .text.cpu_reset
                0x0000000087801170       0x1c arch/arm/cpu/armv7/built-in.o
                0x0000000087801170                cpu_reset
 .text.cpu_status
                0x000000008780118c       0x2c arch/arm/cpu/armv7/built-in.o
                0x000000008780118c                cpu_status
 .text.cpu_release
                0x00000000878011b8       0x4c arch/arm/cpu/armv7/built-in.o
                0x00000000878011b8                cpu_release
 .text.is_core_valid
                0x0000000087801204       0x12 arch/arm/cpu/armv7/built-in.o
                0x0000000087801204                is_core_valid
 *fill*         0x0000000087801216        0x2 
 .text.cpu_disable
                0x0000000087801218       0x1c arch/arm/cpu/armv7/built-in.o
                0x0000000087801218                cpu_disable
 .text.imx_iomux_v3_setup_pad
                0x0000000087801234       0x74 arch/arm/imx-common/built-in.o
                0x0000000087801234                imx_iomux_v3_setup_pad
 .text.imx_iomux_v3_setup_multiple_pads
                0x00000000878012a8       0x1a arch/arm/imx-common/built-in.o
                0x00000000878012a8                imx_iomux_v3_setup_multiple_pads
 *fill*         0x00000000878012c2        0x2 
 .text.get_imx_type
                0x00000000878012c4       0x18 arch/arm/imx-common/built-in.o
                0x00000000878012c4                get_imx_type
 .text.print_cpuinfo
                0x00000000878012dc      0x164 arch/arm/imx-common/built-in.o
                0x00000000878012dc                print_cpuinfo
 .text.cpu_eth_init
                0x0000000087801440        0x4 arch/arm/imx-common/built-in.o
                0x0000000087801440                cpu_eth_init
 .text.cpu_mmc_init
                0x0000000087801444        0x4 arch/arm/imx-common/built-in.o
                0x0000000087801444                cpu_mmc_init
 .text.get_ahb_clk
                0x0000000087801448       0x1c arch/arm/imx-common/built-in.o
                0x0000000087801448                get_ahb_clk
 .text.arch_preboot_os
                0x0000000087801464        0xe arch/arm/imx-common/built-in.o
                0x0000000087801464                arch_preboot_os
 .text.get_clocks
                0x0000000087801472       0x12 arch/arm/imx-common/built-in.o
                0x0000000087801472                get_clocks
 .text.force_idle_bus
                0x0000000087801484      0x14c arch/arm/imx-common/built-in.o
 .text.setup_i2c
                0x00000000878015d0       0x94 arch/arm/imx-common/built-in.o
                0x00000000878015d0                setup_i2c
 .text.timer_init
                0x0000000087801664       0xe4 arch/arm/imx-common/built-in.o
                0x0000000087801664                timer_init
 .text.get_ticks
                0x0000000087801748       0x34 arch/arm/imx-common/built-in.o
                0x0000000087801748                get_ticks
 .text.get_timer_masked
                0x000000008780177c       0xa8 arch/arm/imx-common/built-in.o
                0x000000008780177c                get_timer_masked
 .text.get_timer
                0x0000000087801824        0xc arch/arm/imx-common/built-in.o
                0x0000000087801824                get_timer
 .text.__udelay
                0x0000000087801830       0xd0 arch/arm/imx-common/built-in.o
                0x0000000087801830                __udelay
 .text.get_tbclk
                0x0000000087801900       0x6c arch/arm/imx-common/built-in.o
                0x0000000087801900                get_tbclk
 .text.do_boot_mode
                0x000000008780196c       0x80 arch/arm/imx-common/built-in.o
 .text          0x00000000878019ec       0xa8 arch/arm/lib/built-in.o
                0x00000000878019ec                _main
 .text.relocate_vectors
                0x0000000087801a94       0x70 arch/arm/lib/built-in.o
                0x0000000087801a94                relocate_vectors
                0x0000000087801aa0                relocate_code
 .text.arch_fixup_fdt
                0x0000000087801b04       0x24 arch/arm/lib/built-in.o
                0x0000000087801b04                arch_fixup_fdt
 .text.boot_jump_linux
                0x0000000087801b28       0x78 arch/arm/lib/built-in.o
 .text.arch_lmb_reserve
                0x0000000087801ba0       0x1e arch/arm/lib/built-in.o
                0x0000000087801ba0                arch_lmb_reserve
 .text.setup_board_tags
                0x0000000087801bbe        0x2 arch/arm/lib/built-in.o
                0x0000000087801bbe                setup_board_tags
 .text.boot_prep_linux
                0x0000000087801bc0       0xf8 arch/arm/lib/built-in.o
 .text.do_bootm_linux
                0x0000000087801cb8       0x44 arch/arm/lib/built-in.o
                0x0000000087801cb8                do_bootm_linux
 .text.bootz_setup
                0x0000000087801cfc       0x38 arch/arm/lib/built-in.o
                0x0000000087801cfc                bootz_setup
 .text.boot_prep_vxworks
                0x0000000087801d34       0x30 arch/arm/lib/built-in.o
                0x0000000087801d34                boot_prep_vxworks
 .text.boot_jump_vxworks
                0x0000000087801d64        0x6 arch/arm/lib/built-in.o
                0x0000000087801d64                boot_jump_vxworks
 *fill*         0x0000000087801d6a        0x2 
 .text.pl310_background_op_all_ways
                0x0000000087801d6c       0x2c arch/arm/lib/built-in.o
 .text.v7_outer_cache_inval_all
                0x0000000087801d98        0xc arch/arm/lib/built-in.o
                0x0000000087801d98                v7_outer_cache_inval_all
 .text.v7_outer_cache_flush_all
                0x0000000087801da4        0xc arch/arm/lib/built-in.o
                0x0000000087801da4                v7_outer_cache_flush_all
 .text.v7_outer_cache_flush_range
                0x0000000087801db0       0x20 arch/arm/lib/built-in.o
                0x0000000087801db0                v7_outer_cache_flush_range
 .text.v7_outer_cache_inval_range
                0x0000000087801dd0       0x54 arch/arm/lib/built-in.o
                0x0000000087801dd0                v7_outer_cache_inval_range
 .text.arch_reserve_stacks
                0x0000000087801e24       0x16 arch/arm/lib/built-in.o
                0x0000000087801e24                arch_reserve_stacks
 *fill*         0x0000000087801e3a        0x2 
 .text.interrupt_init
                0x0000000087801e3c       0x14 arch/arm/lib/built-in.o
                0x0000000087801e3c                interrupt_init
 .text.enable_interrupts
                0x0000000087801e50        0x2 arch/arm/lib/built-in.o
                0x0000000087801e50                enable_interrupts
 .text.disable_interrupts
                0x0000000087801e52        0x4 arch/arm/lib/built-in.o
                0x0000000087801e52                disable_interrupts
 *fill*         0x0000000087801e56        0x2 
 .text.bad_mode
                0x0000000087801e58        0xc arch/arm/lib/built-in.o
                0x0000000087801e58                bad_mode
 .text.show_regs
                0x0000000087801e64      0x108 arch/arm/lib/built-in.o
                0x0000000087801e64                show_regs
 .text.do_undefined_instruction
                0x0000000087801f6c       0x18 arch/arm/lib/built-in.o
                0x0000000087801f6c                do_undefined_instruction
 .text.do_software_interrupt
                0x0000000087801f84       0x18 arch/arm/lib/built-in.o
                0x0000000087801f84                do_software_interrupt
 .text.do_prefetch_abort
                0x0000000087801f9c       0x18 arch/arm/lib/built-in.o
                0x0000000087801f9c                do_prefetch_abort
 .text.do_data_abort
                0x0000000087801fb4       0x18 arch/arm/lib/built-in.o
                0x0000000087801fb4                do_data_abort
 .text.do_not_used
                0x0000000087801fcc       0x18 arch/arm/lib/built-in.o
                0x0000000087801fcc                do_not_used
 .text.do_fiq   0x0000000087801fe4       0x18 arch/arm/lib/built-in.o
                0x0000000087801fe4                do_fiq
 .text.do_irq   0x0000000087801ffc       0x18 arch/arm/lib/built-in.o
                0x0000000087801ffc                do_irq
 .text.do_reset
                0x0000000087802014       0x28 arch/arm/lib/built-in.o
                0x0000000087802014                do_reset
 .text.cp_delay
                0x000000008780203c       0x18 arch/arm/lib/built-in.o
 .text.cache_disable
                0x0000000087802054       0x3c arch/arm/lib/built-in.o
 .text.arm_init_domains
                0x0000000087802090        0x2 arch/arm/lib/built-in.o
                0x0000000087802090                arm_init_domains
 .text.set_section_dcache
                0x0000000087802092       0x12 arch/arm/lib/built-in.o
                0x0000000087802092                set_section_dcache
 .text.mmu_set_region_dcache_behaviour
                0x00000000878020a4       0x36 arch/arm/lib/built-in.o
                0x00000000878020a4                mmu_set_region_dcache_behaviour
 .text.dram_bank_mmu_setup
                0x00000000878020da       0x2a arch/arm/lib/built-in.o
                0x00000000878020da                dram_bank_mmu_setup
 .text.icache_enable
                0x0000000087802104       0x14 arch/arm/lib/built-in.o
                0x0000000087802104                icache_enable
 .text.icache_disable
                0x0000000087802118        0x8 arch/arm/lib/built-in.o
                0x0000000087802118                icache_disable
 .text.icache_status
                0x0000000087802120        0xa arch/arm/lib/built-in.o
                0x0000000087802120                icache_status
 .text.dcache_enable
                0x000000008780212a       0x5e arch/arm/lib/built-in.o
                0x000000008780212a                dcache_enable
 .text.dcache_disable
                0x0000000087802188        0x6 arch/arm/lib/built-in.o
                0x0000000087802188                dcache_disable
 .text.dcache_status
                0x000000008780218e        0xa arch/arm/lib/built-in.o
                0x000000008780218e                dcache_status
 .text.dram_init
                0x0000000087802198       0x1c board/udoo/udoo_neo/built-in.o
                0x0000000087802198                dram_init
 .text.board_eth_init
                0x00000000878021b4       0xb0 board/udoo/udoo_neo/built-in.o
                0x00000000878021b4                board_eth_init
 .text.board_phy_config
                0x0000000087802264        0xe board/udoo/udoo_neo/built-in.o
                0x0000000087802264                board_phy_config
 *fill*         0x0000000087802272        0x2 
 .text.power_init_board
                0x0000000087802274      0x1fc board/udoo/udoo_neo/built-in.o
                0x0000000087802274                power_init_board
 .text.ldo_mode_set
                0x0000000087802470       0xc8 board/udoo/udoo_neo/built-in.o
                0x0000000087802470                ldo_mode_set
 .text.board_usb_phy_mode
                0x0000000087802538        0xc board/udoo/udoo_neo/built-in.o
                0x0000000087802538                board_usb_phy_mode
 .text.board_ehci_hcd_init
                0x0000000087802544       0x20 board/udoo/udoo_neo/built-in.o
                0x0000000087802544                board_ehci_hcd_init
 .text.board_early_init_f
                0x0000000087802564       0x14 board/udoo/udoo_neo/built-in.o
                0x0000000087802564                board_early_init_f
 .text.mmc_get_env_devno
                0x0000000087802578       0x1c board/udoo/udoo_neo/built-in.o
                0x0000000087802578                mmc_get_env_devno
 .text.board_mmc_getcd
                0x0000000087802594       0x24 board/udoo/udoo_neo/built-in.o
                0x0000000087802594                board_mmc_getcd
 .text.board_mmc_init
                0x00000000878025b8       0x70 board/udoo/udoo_neo/built-in.o
                0x00000000878025b8                board_mmc_init
 .text.check_mmc_autodetect
                0x0000000087802628       0x24 board/udoo/udoo_neo/built-in.o
                0x0000000087802628                check_mmc_autodetect
 .text.board_late_mmc_init
                0x000000008780264c       0x50 board/udoo/udoo_neo/built-in.o
                0x000000008780264c                board_late_mmc_init
 .text.board_qspi_init
                0x000000008780269c       0x18 board/udoo/udoo_neo/built-in.o
                0x000000008780269c                board_qspi_init
 *fill*         0x00000000878026b4        0x4 
 .text.board_init
                0x00000000878026b8      0x100 board/udoo/udoo_neo/built-in.o
                0x00000000878026b8                board_init
 .text.board_late_init
                0x00000000878027b8        0xa board/udoo/udoo_neo/built-in.o
                0x00000000878027b8                board_late_init
 .text.get_board_rev
                0x00000000878027c2        0x4 board/udoo/udoo_neo/built-in.o
                0x00000000878027c2                get_board_rev
 *fill*         0x00000000878027c6        0x2 
 .text.checkboard
                0x00000000878027c8       0x3c board/udoo/udoo_neo/built-in.o
                0x00000000878027c8                checkboard
 .text.isspace  0x0000000087802804       0x18 board/udoo/udoo_neo/built-in.o
                0x0000000087802804                isspace
 .text.trim     0x000000008780281c       0x3e board/udoo/udoo_neo/built-in.o
                0x000000008780281c                trim
 *fill*         0x000000008780285a        0x2 
 .text.do_udooinit
                0x000000008780285c      0x174 board/udoo/udoo_neo/built-in.o
                0x000000008780285c                do_udooinit
 .text.detect_board
                0x00000000878029d0       0x50 board/udoo/udoo_neo/built-in.o
                0x00000000878029d0                detect_board
 .text.show_boot_progress
                0x0000000087802a20        0x2 common/built-in.o
                0x0000000087802a20                show_boot_progress
 .text.main_loop
                0x0000000087802a22       0x1c common/built-in.o
                0x0000000087802a22                main_loop
 .text.dummy    0x0000000087802a3e        0x2 common/built-in.o
 .text.get_version
                0x0000000087802a40        0x4 common/built-in.o
                0x0000000087802a40                get_version
 .text.jumptable_init
                0x0000000087802a44      0x14c common/built-in.o
                0x0000000087802a44                jumptable_init
 .text.hash_command
                0x0000000087802b90       0x70 common/built-in.o
                0x0000000087802b90                hash_command
 .text.b_reset  0x0000000087802c00        0xe common/built-in.o
 .text.static_get
                0x0000000087802c0e       0x12 common/built-in.o
 .text.file_peek
                0x0000000087802c20        0x6 common/built-in.o
 *fill*         0x0000000087802c26        0x2 
 .text.mapset   0x0000000087802c28       0x14 common/built-in.o
 .text.syntax_err
                0x0000000087802c3c        0xc common/built-in.o
 .text.free_pipe_list
                0x0000000087802c48       0x96 common/built-in.o
 *fill*         0x0000000087802cde        0x2 
 .text.xmalloc  0x0000000087802ce0       0x18 common/built-in.o
 .text.new_pipe
                0x0000000087802cf8       0x16 common/built-in.o
 *fill*         0x0000000087802d0e        0x2 
 .text.xrealloc
                0x0000000087802d10       0x18 common/built-in.o
 .text.done_command
                0x0000000087802d28       0x42 common/built-in.o
 .text.done_pipe
                0x0000000087802d6a       0x2a common/built-in.o
 .text.done_word
                0x0000000087802d94      0x1c4 common/built-in.o
 .text.do_showvar
                0x0000000087802f58       0xa0 common/built-in.o
 .text.is_assignment
                0x0000000087802ff8       0x2c common/built-in.o
 .text.file_get
                0x0000000087803024      0x134 common/built-in.o
 .text.b_addchr
                0x0000000087803158       0x42 common/built-in.o
 *fill*         0x000000008780319a        0x2 
 .text.b_addqchr
                0x000000008780319c       0x30 common/built-in.o
 .text.static_peek
                0x00000000878031cc        0x6 common/built-in.o
 *fill*         0x00000000878031d2        0x2 
 .text.get_local_var
                0x00000000878031d4       0x58 common/built-in.o
                0x00000000878031d4                get_local_var
 .text.set_local_var
                0x000000008780322c      0x10c common/built-in.o
                0x000000008780322c                set_local_var
 .text.insert_var_value_sub
                0x0000000087803338      0x1c0 common/built-in.o
 .text.parse_string_outer
                0x00000000878034f8       0x94 common/built-in.o
                0x00000000878034f8                parse_string_outer
 .text.run_list_real
                0x000000008780358c      0x4d4 common/built-in.o
 .text.parse_stream_outer
                0x0000000087803a60      0x43c common/built-in.o
 .text.parse_file_outer
                0x0000000087803e9c       0x2c common/built-in.o
                0x0000000087803e9c                parse_file_outer
 .text.u_boot_hush_start
                0x0000000087803ec8       0x30 common/built-in.o
                0x0000000087803ec8                u_boot_hush_start
 .text.bootdelay_process
                0x0000000087803ef8       0x94 common/built-in.o
                0x0000000087803ef8                bootdelay_process
 .text.autoboot_command
                0x0000000087803f8c       0x88 common/built-in.o
                0x0000000087803f8c                autoboot_command
 .text.setup_mon_len
                0x0000000087804014       0x18 common/built-in.o
 .text.reserve_round_4k
                0x000000008780402c       0x14 common/built-in.o
 .text.reserve_mmu
                0x0000000087804040       0x2e common/built-in.o
 .text.reserve_uboot
                0x000000008780406e       0x2a common/built-in.o
 .text.reserve_malloc
                0x0000000087804098       0x10 common/built-in.o
 .text.reserve_global_data
                0x00000000878040a8       0x16 common/built-in.o
 .text.reserve_fdt
                0x00000000878040be       0x3a common/built-in.o
 .text.display_new_sp
                0x00000000878040f8        0x4 common/built-in.o
 .text.initf_malloc
                0x00000000878040fc       0x18 common/built-in.o
 .text.reserve_arch
                0x0000000087804114        0x4 common/built-in.o
                0x0000000087804114                reserve_arch
 .text.setup_reloc
                0x0000000087804118       0x1e common/built-in.o
 .text.reloc_fdt
                0x0000000087804136       0x24 common/built-in.o
 *fill*         0x000000008780415a        0x2 
 .text.announce_dram_init
                0x000000008780415c       0x10 common/built-in.o
 .text.init_func_i2c
                0x000000008780416c       0x20 common/built-in.o
 .text.init_baud_rate
                0x000000008780418c       0x1c common/built-in.o
 .text.initf_dm
                0x00000000878041a8        0x6 common/built-in.o
 .text.mark_bootstage
                0x00000000878041ae        0xc common/built-in.o
 .text.reserve_board
                0x00000000878041ba       0x28 common/built-in.o
 .text.display_text_info
                0x00000000878041e2        0x4 common/built-in.o
 .text.setup_fdt
                0x00000000878041e6        0x4 common/built-in.o
 .text.reserve_trace
                0x00000000878041ea        0x4 common/built-in.o
 .text.setup_machine
                0x00000000878041ee        0x4 common/built-in.o
 .text.coloured_LED_init
                0x00000000878041f2        0x2 common/built-in.o
                0x00000000878041f2                coloured_LED_init
 .text.red_led_on
                0x00000000878041f4        0x2 common/built-in.o
                0x00000000878041f4                red_led_on
 .text.board_add_ram_info
                0x00000000878041f6        0x2 common/built-in.o
                0x00000000878041f6                board_add_ram_info
 .text.show_dram_config
                0x00000000878041f8       0x28 common/built-in.o
 .text.dram_init_banksize
                0x0000000087804220       0x18 common/built-in.o
                0x0000000087804220                dram_init_banksize
 .text.setup_dram_config
                0x0000000087804238        0xa common/built-in.o
 .text.board_get_usable_ram_top
                0x0000000087804242       0x10 common/built-in.o
                0x0000000087804242                board_get_usable_ram_top
 .text.setup_dest_addr
                0x0000000087804252       0x30 common/built-in.o
 .text.reserve_stacks
                0x0000000087804282       0x1a common/built-in.o
 .text.board_init_f
                0x000000008780429c       0x20 common/built-in.o
                0x000000008780429c                board_init_f
 .text.bootstage_relocate
                0x00000000878042bc        0x4 common/built-in.o
 .text.initr_reloc_global_data
                0x00000000878042c0       0x1c common/built-in.o
 .text.initr_announce
                0x00000000878042dc        0x4 common/built-in.o
 .text.run_main_loop
                0x00000000878042e0        0x8 common/built-in.o
 .text.initr_net
                0x00000000878042e8       0x18 common/built-in.o
 .text.initr_ethaddr
                0x0000000087804300       0x18 common/built-in.o
 .text.initr_enable_interrupts
                0x0000000087804318        0xa common/built-in.o
 .text.initr_jumptable
                0x0000000087804322        0xa common/built-in.o
 .text.initr_env
                0x000000008780432c       0x20 common/built-in.o
 .text.initr_mmc
                0x000000008780434c       0x18 common/built-in.o
 .text.initr_serial
                0x0000000087804364        0xa common/built-in.o
 .text.initr_dm
                0x000000008780436e       0x12 common/built-in.o
 .text.initr_malloc
                0x0000000087804380       0x16 common/built-in.o
 .text.initr_caches
                0x0000000087804396        0xa common/built-in.o
 .text.initr_reloc
                0x00000000878043a0       0x1c common/built-in.o
 .text.initr_barrier
                0x00000000878043bc        0x4 common/built-in.o
 .text.initr_trace
                0x00000000878043c0        0x4 common/built-in.o
 .text.cpu_secondary_init_r
                0x00000000878043c4        0x2 common/built-in.o
                0x00000000878043c4                cpu_secondary_init_r
 .text.initr_secondary_cpu
                0x00000000878043c6        0xa common/built-in.o
 .text.board_init_r
                0x00000000878043d0       0x10 common/built-in.o
                0x00000000878043d0                board_init_r
 .text.show_board_info
                0x00000000878043e0        0x4 common/built-in.o
                0x00000000878043e0                show_board_info
 .text.do_go_exec
                0x00000000878043e4        0x8 common/built-in.o
                0x00000000878043e4                do_go_exec
 .text.do_go    0x00000000878043ec       0x4c common/built-in.o
 .text.do_bootm
                0x0000000087804438       0xa4 common/built-in.o
                0x0000000087804438                do_bootm
 .text.do_bootd
                0x00000000878044dc       0x18 common/built-in.o
                0x00000000878044dc                do_bootd
 .text.image_info
                0x00000000878044f4       0x8c common/built-in.o
 .text.do_iminfo
                0x0000000087804580       0x40 common/built-in.o
 .text.bootm_maybe_autostart
                0x00000000878045c0       0x4c common/built-in.o
                0x00000000878045c0                bootm_maybe_autostart
 .text.do_bootz
                0x000000008780460c       0x98 common/built-in.o
                0x000000008780460c                do_bootz
 .text.bootm_find_ramdisk_fdt
                0x00000000878046a4       0x6c common/built-in.o
                0x00000000878046a4                bootm_find_ramdisk_fdt
 .text.bootm_decomp_image
                0x0000000087804710       0xe8 common/built-in.o
                0x0000000087804710                bootm_decomp_image
 .text.bootm_disable_interrupts
                0x00000000878047f8       0x10 common/built-in.o
                0x00000000878047f8                bootm_disable_interrupts
 .text.do_bootm_states
                0x0000000087804808      0x500 common/built-in.o
                0x0000000087804808                do_bootm_states
 .text.do_bootm_standalone
                0x0000000087804d08       0x3c common/built-in.o
 .text.do_bootvx_fdt
                0x0000000087804d44       0xb4 common/built-in.o
                0x0000000087804d44                do_bootvx_fdt
 .text.do_bootm_vxworks
                0x0000000087804df8       0x16 common/built-in.o
 .text.boot_selected_os
                0x0000000087804e0e       0x3a common/built-in.o
                0x0000000087804e0e                boot_selected_os
 .text.bootm_os_get_boot_func
                0x0000000087804e48        0xc common/built-in.o
                0x0000000087804e48                bootm_os_get_boot_func
 .text.do_help  0x0000000087804e54       0x2c common/built-in.o
 .text.do_version
                0x0000000087804e80       0x2c common/built-in.o
 .text.env_attr_walk
                0x0000000087804eac       0xba common/built-in.o
                0x0000000087804eac                env_attr_walk
 *fill*         0x0000000087804f66        0x2 
 .text.env_attr_lookup
                0x0000000087804f68       0xf0 common/built-in.o
                0x0000000087804f68                env_attr_lookup
 .text.clear_callback
                0x0000000087805058        0x8 common/built-in.o
 .text.find_env_callback
                0x0000000087805060       0x3c common/built-in.o
 .text.on_callbacks
                0x000000008780509c       0x34 common/built-in.o
 .text.set_callback
                0x00000000878050d0       0x50 common/built-in.o
 .text.env_callback_init
                0x0000000087805120       0x78 common/built-in.o
                0x0000000087805120                env_callback_init
 .text.skip_num
                0x0000000087805198       0x44 common/built-in.o
 .text.clear_flags
                0x00000000878051dc        0x8 common/built-in.o
 .text.on_flags
                0x00000000878051e4       0x34 common/built-in.o
 .text.env_flags_parse_vartype
                0x0000000087805218       0x30 common/built-in.o
                0x0000000087805218                env_flags_parse_vartype
 .text.env_flags_parse_varaccess
                0x0000000087805248       0x38 common/built-in.o
                0x0000000087805248                env_flags_parse_varaccess
 .text.set_flags
                0x0000000087805280       0x64 common/built-in.o
 .text.env_flags_init
                0x00000000878052e4       0x90 common/built-in.o
                0x00000000878052e4                env_flags_init
 .text.env_flags_validate
                0x0000000087805374      0x204 common/built-in.o
                0x0000000087805374                env_flags_validate
 .text.mmc_get_env_addr
                0x0000000087805578        0xa common/built-in.o
                0x0000000087805578                mmc_get_env_addr
 *fill*         0x0000000087805582        0x2 
 .text.env_init
                0x0000000087805584       0x14 common/built-in.o
                0x0000000087805584                env_init
 .text.mmc_get_env_part
                0x0000000087805598        0x4 common/built-in.o
                0x0000000087805598                mmc_get_env_part
 .text.init_mmc_for_env
                0x000000008780559c       0x54 common/built-in.o
 .text.fini_mmc_for_env
                0x00000000878055f0       0x24 common/built-in.o
 .text.saveenv  0x0000000087805614       0xbc common/built-in.o
                0x0000000087805614                saveenv
 .text.env_relocate_spec
                0x00000000878056d0       0x9c common/built-in.o
                0x00000000878056d0                env_relocate_spec
 .text.source   0x000000008780576c       0x90 common/built-in.o
                0x000000008780576c                source
 .text.do_source
                0x00000000878057fc       0x34 common/built-in.o
 .text.print_num
                0x0000000087805830       0x10 common/built-in.o
 .text.do_bdinfo
                0x0000000087805840      0x124 common/built-in.o
 .text.parse_argv
                0x0000000087805964       0x3c common/built-in.o
 .text.do_icache
                0x00000000878059a0       0x5c common/built-in.o
 .text.do_dcache
                0x00000000878059fc       0x5c common/built-in.o
 .text.do_coninfo
                0x0000000087805a58       0x90 common/built-in.o
 .text.do_echo  0x0000000087805ae8       0x74 common/built-in.o
 .text.do_exit  0x0000000087805b5c       0x20 common/built-in.o
 .text.do_ext2load
                0x0000000087805b7c        0xe common/built-in.o
                0x0000000087805b7c                do_ext2load
 .text.do_ext2ls
                0x0000000087805b8a        0xe common/built-in.o
 .text.do_fat_size
                0x0000000087805b98        0xe common/built-in.o
                0x0000000087805b98                do_fat_size
 .text.do_fat_fsload
                0x0000000087805ba6        0xe common/built-in.o
                0x0000000087805ba6                do_fat_fsload
 .text.do_fat_ls
                0x0000000087805bb4        0xe common/built-in.o
 *fill*         0x0000000087805bc2        0x2 
 .text.do_fat_fsinfo
                0x0000000087805bc4       0x58 common/built-in.o
 .text.fdt_valid
                0x0000000087805c1c       0x74 common/built-in.o
 .text.is_printable_string
                0x0000000087805c90       0x50 common/built-in.o
 .text.print_data
                0x0000000087805ce0      0x108 common/built-in.o
 .text.set_working_fdt_addr
                0x0000000087805de8       0x14 common/built-in.o
                0x0000000087805de8                set_working_fdt_addr
 .text.do_fdt   0x0000000087805dfc      0x964 common/built-in.o
 .text.fdt_find_and_setprop
                0x0000000087806760       0x48 common/built-in.o
                0x0000000087806760                fdt_find_and_setprop
 .text.fdt_find_or_add_subnode
                0x00000000878067a8       0x40 common/built-in.o
                0x00000000878067a8                fdt_find_or_add_subnode
 .text.fdt_initrd
                0x00000000878067e8      0x12c common/built-in.o
                0x00000000878067e8                fdt_initrd
 .text.fdt_chosen
                0x0000000087806914       0x6c common/built-in.o
                0x0000000087806914                fdt_chosen
 .text.do_fixup_by_path
                0x0000000087806980       0x34 common/built-in.o
                0x0000000087806980                do_fixup_by_path
 .text.fdt_fixup_memory_banks
                0x00000000878069b4      0x124 common/built-in.o
                0x00000000878069b4                fdt_fixup_memory_banks
 .text.fdt_fixup_memory
                0x0000000087806ad8       0x16 common/built-in.o
                0x0000000087806ad8                fdt_fixup_memory
 *fill*         0x0000000087806aee        0x2 
 .text.fdt_fixup_ethernet
                0x0000000087806af0       0xe4 common/built-in.o
                0x0000000087806af0                fdt_fixup_ethernet
 .text.fdt_shrink_to_minimum
                0x0000000087806bd4       0x84 common/built-in.o
                0x0000000087806bd4                fdt_shrink_to_minimum
 .text.do_flerase
                0x0000000087806c58        0x4 common/built-in.o
 .text.do_protect
                0x0000000087806c5c        0xc common/built-in.o
 .text.do_flinfo
                0x0000000087806c68        0x4 common/built-in.o
 .text.strtou32
                0x0000000087806c6c       0x2c common/built-in.o
 .text.do_fuse  0x0000000087806c98      0x23c common/built-in.o
 .text.do_i2c   0x0000000087806ed4       0x3c common/built-in.o
 .text.do_i2c_reset
                0x0000000087806f10       0x20 common/built-in.o
 .text.do_i2c_probe
                0x0000000087806f30       0x5c common/built-in.o
 .text.do_i2c_bus_speed
                0x0000000087806f8c       0x4c common/built-in.o
 .text.do_i2c_show_bus
                0x0000000087806fd8       0x8c common/built-in.o
 .text.do_i2c_bus_num
                0x0000000087807064       0x7c common/built-in.o
 .text.get_alen.constprop.7
                0x00000000878070e0       0x1c common/built-in.o
 .text.do_i2c_crc
                0x00000000878070fc       0xb8 common/built-in.o
 .text.mod_i2c_mem.isra.4
                0x00000000878071b4      0x148 common/built-in.o
 .text.do_i2c_nm
                0x00000000878072fc        0x6 common/built-in.o
 .text.do_i2c_mm
                0x0000000087807302        0x6 common/built-in.o
 .text.do_i2c_md
                0x0000000087807308      0x13c common/built-in.o
 .text.do_i2c_read
                0x0000000087807444       0x78 common/built-in.o
 .text.do_i2c_mw
                0x00000000878074bc       0xa4 common/built-in.o
 .text.do_i2c_write
                0x0000000087807560       0xdc common/built-in.o
 .text.do_i2c_loop
                0x000000008780763c       0x9c common/built-in.o
 .text.i2c_init_board
                0x00000000878076d8        0x2 common/built-in.o
                0x00000000878076d8                i2c_init_board
 .text.evalexp  0x00000000878076da       0x44 common/built-in.o
 .text.evalstr  0x000000008780771e       0x3c common/built-in.o
 *fill*         0x000000008780775a        0x2 
 .text.binary_test
                0x000000008780775c      0x128 common/built-in.o
 .text.do_itest
                0x0000000087807884       0x4c common/built-in.o
 .text.bin_data_init
                0x00000000878078d0       0x1c common/built-in.o
 .text.k_data_save
                0x00000000878078ec       0x34 common/built-in.o
 .text.k_data_restore
                0x0000000087807920       0x34 common/built-in.o
 .text.getcxmodem
                0x0000000087807954       0x16 common/built-in.o
 *fill*         0x000000008780796a        0x2 
 .text.load_serial_ymodem
                0x000000008780796c       0x88 common/built-in.o
 .text.bin_data_char
                0x00000000878079f4       0x1c common/built-in.o
 .text.chk1.constprop.1
                0x0000000087807a10       0x20 common/built-in.o
 .text.s1_sendpacket.constprop.2
                0x0000000087807a30       0x34 common/built-in.o
 .text.load_serial
                0x0000000087807a64      0x134 common/built-in.o
 .text.do_load_serial
                0x0000000087807b98       0x90 common/built-in.o
 .text.do_load_serial_bin
                0x0000000087807c28      0x52c common/built-in.o
 .text.do_mem_mw
                0x0000000087808154       0x80 common/built-in.o
 .text.do_mem_loop
                0x00000000878081d4       0x82 common/built-in.o
 *fill*         0x0000000087808256        0x2 
 .text.do_mem_md
                0x0000000087808258       0xa0 common/built-in.o
 .text.do_mem_cmp
                0x00000000878082f8       0xf0 common/built-in.o
 .text.do_mem_base
                0x00000000878083e8       0x28 common/built-in.o
 .text.do_mem_cp
                0x0000000087808410       0x84 common/built-in.o
 .text.do_mem_crc
                0x0000000087808494       0x2c common/built-in.o
 .text.do_mem_mtest
                0x00000000878084c0      0x150 common/built-in.o
 .text.mod_mem.isra.0
                0x0000000087808610       0xf4 common/built-in.o
 .text.do_mem_mm
                0x0000000087808704        0x6 common/built-in.o
 .text.do_mem_nm
                0x000000008780870a        0x6 common/built-in.o
 .text.miiphy_get_dev_by_name
                0x0000000087808710       0x38 common/built-in.o
                0x0000000087808710                miiphy_get_dev_by_name
 .text.miiphy_init
                0x0000000087808748       0x18 common/built-in.o
                0x0000000087808748                miiphy_init
 .text.mdio_alloc
                0x0000000087808760       0x1c common/built-in.o
                0x0000000087808760                mdio_alloc
 .text.mdio_register
                0x000000008780877c       0x50 common/built-in.o
                0x000000008780877c                mdio_register
 .text.mdio_list_devices
                0x00000000878087cc       0x74 common/built-in.o
                0x00000000878087cc                mdio_list_devices
 .text.miiphy_set_current_dev
                0x0000000087808840       0x28 common/built-in.o
                0x0000000087808840                miiphy_set_current_dev
 .text.miiphy_get_active_dev
                0x0000000087808868       0x30 common/built-in.o
 .text.mdio_get_current_dev
                0x0000000087808898        0xc common/built-in.o
                0x0000000087808898                mdio_get_current_dev
 .text.mdio_phydev_for_ethname
                0x00000000878088a4       0x54 common/built-in.o
                0x00000000878088a4                mdio_phydev_for_ethname
 .text.miiphy_get_current_dev
                0x00000000878088f8       0x10 common/built-in.o
                0x00000000878088f8                miiphy_get_current_dev
 .text.miiphy_read
                0x0000000087808908       0x28 common/built-in.o
                0x0000000087808908                miiphy_read
 .text.miiphy_write
                0x0000000087808930       0x24 common/built-in.o
                0x0000000087808930                miiphy_write
 .text.miiphy_listdev
                0x0000000087808954       0x54 common/built-in.o
                0x0000000087808954                miiphy_listdev
 .text.miiphy_info
                0x00000000878089a8       0x5c common/built-in.o
                0x00000000878089a8                miiphy_info
 .text.miiphy_speed
                0x0000000087808a04       0x60 common/built-in.o
                0x0000000087808a04                miiphy_speed
 .text.miiphy_duplex
                0x0000000087808a64       0x60 common/built-in.o
                0x0000000087808a64                miiphy_duplex
 .text.miiphy_is_1000base_x
                0x0000000087808ac4        0x4 common/built-in.o
                0x0000000087808ac4                miiphy_is_1000base_x
 .text.extract_range
                0x0000000087808ac8       0x7c common/built-in.o
 .text.do_mii   0x0000000087808b44      0x544 common/built-in.o
 .text.do_mdio  0x0000000087809088      0x320 common/built-in.o
 .text.do_sleep
                0x00000000878093a8       0x46 common/built-in.o
 *fill*         0x00000000878093ee        0x2 
 .text.do_mmcops
                0x00000000878093f0       0x7c common/built-in.o
 .text.init_mmc_device
                0x000000008780946c       0x34 common/built-in.o
 .text.do_mmc_rescan
                0x00000000878094a0       0x18 common/built-in.o
 .text.do_mmc_hwpartition
                0x00000000878094b8      0x3a4 common/built-in.o
 .text.do_mmc_list
                0x000000008780985c        0xc common/built-in.o
 .text.do_mmc_dev
                0x0000000087809868       0xc4 common/built-in.o
 .text.do_mmc_part
                0x000000008780992c       0x38 common/built-in.o
 .text.do_mmc_erase
                0x0000000087809964       0xa0 common/built-in.o
 .text.do_mmc_write
                0x0000000087809a04       0xac common/built-in.o
 .text.do_mmc_read
                0x0000000087809ab0       0xa0 common/built-in.o
 .text.do_mmcinfo
                0x0000000087809b50      0x294 common/built-in.o
 .text.do_mmc_setdsr
                0x0000000087809de4       0x74 common/built-in.o
 .text.cpu_cmd  0x0000000087809e58       0xb0 common/built-in.o
 .text.netboot_common
                0x0000000087809f08      0x1ac common/built-in.o
 .text.do_bootp
                0x000000008780a0b4        0x8 common/built-in.o
 .text.do_dhcp  0x000000008780a0bc        0x8 common/built-in.o
 .text.do_nfs   0x000000008780a0c4        0x8 common/built-in.o
 .text.do_tftpb
                0x000000008780a0cc       0x26 common/built-in.o
                0x000000008780a0cc                do_tftpb
 *fill*         0x000000008780a0f2        0x2 
 .text.do_ping  0x000000008780a0f4       0x48 common/built-in.o
 .text.bytes_per_second
                0x000000008780a13c       0x38 common/built-in.o
 .text.do_spi_flash
                0x000000008780a174      0x474 common/built-in.o
 .text.get_arg  0x000000008780a5e8       0x32 common/built-in.o
 *fill*         0x000000008780a61a        0x2 
 .text.do_setexpr
                0x000000008780a61c       0xb4 common/built-in.o
 .text.do_time  0x000000008780a6d0       0x94 common/built-in.o
 .text.do_false
                0x000000008780a764        0x4 common/built-in.o
 .text.do_true  0x000000008780a768        0x4 common/built-in.o
 .text.do_test  0x000000008780a76c      0x200 common/built-in.o
 .text.usb_get_class_desc
                0x000000008780a96c       0x74 common/built-in.o
 .text.usb_display_class_sub
                0x000000008780a9e0       0xf4 common/built-in.o
 .text.usb_find_device
                0x000000008780aad4       0x1e common/built-in.o
 *fill*         0x000000008780aaf2        0x2 
 .text.usb_show_tree_graph
                0x000000008780aaf4      0x178 common/built-in.o
 .text.usb_display_string
                0x000000008780ac6c       0x2c common/built-in.o
 .text.usb_display_config
                0x000000008780ac98      0x1a8 common/built-in.o
 .text.do_usbboot
                0x000000008780ae40        0xc common/built-in.o
 .text.do_usb_start
                0x000000008780ae4c       0x2c common/built-in.o
 .text.usb_display_desc.part.2
                0x000000008780ae78       0xd0 common/built-in.o
 .text.do_usb   0x000000008780af48      0x4e8 common/built-in.o
 .text.usb_set_maxpacket_ep
                0x000000008780b430       0x54 common/built-in.o
 .text.usb_stop
                0x000000008780b484       0x48 common/built-in.o
                0x000000008780b484                usb_stop
 .text.usb_disable_asynch
                0x000000008780b4cc       0x14 common/built-in.o
                0x000000008780b4cc                usb_disable_asynch
 .text.usb_control_msg
                0x000000008780b4e0       0x78 common/built-in.o
                0x000000008780b4e0                usb_control_msg
 .text.usb_get_descriptor
                0x000000008780b558       0x38 common/built-in.o
 .text.usb_get_string
                0x000000008780b590       0x50 common/built-in.o
 .text.usb_string_sub
                0x000000008780b5e0       0x94 common/built-in.o
 .text.usb_bulk_msg
                0x000000008780b674       0x48 common/built-in.o
                0x000000008780b674                usb_bulk_msg
 .text.usb_maxpacket
                0x000000008780b6bc       0x1a common/built-in.o
                0x000000008780b6bc                usb_maxpacket
 .text.usb_clear_halt
                0x000000008780b6d6       0x5c common/built-in.o
                0x000000008780b6d6                usb_clear_halt
 *fill*         0x000000008780b732        0x2 
 .text.usb_get_configuration_no
                0x000000008780b734       0x78 common/built-in.o
                0x000000008780b734                usb_get_configuration_no
 .text.usb_set_interface
                0x000000008780b7ac       0x6c common/built-in.o
                0x000000008780b7ac                usb_set_interface
 .text.usb_string
                0x000000008780b818       0x9c common/built-in.o
                0x000000008780b818                usb_string
 .text.usb_get_dev_index
                0x000000008780b8b4       0x18 common/built-in.o
                0x000000008780b8b4                usb_get_dev_index
 .text.usb_alloc_new_device
                0x000000008780b8cc       0x5c common/built-in.o
                0x000000008780b8cc                usb_alloc_new_device
 .text.usb_free_device
                0x000000008780b928       0x30 common/built-in.o
                0x000000008780b928                usb_free_device
 .text.usb_alloc_device
                0x000000008780b958        0x4 common/built-in.o
                0x000000008780b958                usb_alloc_device
 .text.usb_new_device
                0x000000008780b95c      0x3fc common/built-in.o
                0x000000008780b95c                usb_new_device
 .text.usb_init
                0x000000008780bd58       0xec common/built-in.o
                0x000000008780bd58                usb_init
 .text.usb_set_port_feature
                0x000000008780be44       0x2e common/built-in.o
 .text.usb_hub_power_on
                0x000000008780be72       0x2e common/built-in.o
 .text.usb_get_port_status
                0x000000008780bea0       0x30 common/built-in.o
 .text.usb_clear_port_feature
                0x000000008780bed0       0x2e common/built-in.o
 .text.usb_get_hub_descriptor
                0x000000008780befe       0x34 common/built-in.o
 .text.usb_hub_reset_devices
                0x000000008780bf32        0x2 common/built-in.o
                0x000000008780bf32                usb_hub_reset_devices
 .text.usb_hub_reset
                0x000000008780bf34        0xc common/built-in.o
                0x000000008780bf34                usb_hub_reset
 .text.hub_port_reset
                0x000000008780bf40       0x66 common/built-in.o
                0x000000008780bf40                hub_port_reset
 *fill*         0x000000008780bfa6        0x2 
 .text.usb_hub_port_connect_change
                0x000000008780bfa8       0xd0 common/built-in.o
                0x000000008780bfa8                usb_hub_port_connect_change
 .text.usb_hub_configure
                0x000000008780c078      0x1e4 common/built-in.o
 .text.usb_hub_probe
                0x000000008780c25c       0x3a common/built-in.o
                0x000000008780c25c                usb_hub_probe
 .text.usb_stor_irq
                0x000000008780c296       0x10 common/built-in.o
 .text.usb_stor_BBB_reset
                0x000000008780c2a6       0x8e common/built-in.o
 .text.usb_stor_CB_reset
                0x000000008780c334       0x88 common/built-in.o
 .text.usb_stor_BBB_clear_endpt_stall.isra.2
                0x000000008780c3bc       0x2c common/built-in.o
 .text.usb_stor_BBB_transport
                0x000000008780c3e8      0x19c common/built-in.o
 .text.usb_stor_CB_comdat
                0x000000008780c584      0x154 common/built-in.o
 .text.usb_stor_CBI_get_status.isra.4
                0x000000008780c6d8       0x7c common/built-in.o
 .text.usb_stor_CB_transport
                0x000000008780c754      0x158 common/built-in.o
 .text.usb_request_sense.constprop.10
                0x000000008780c8ac       0x44 common/built-in.o
 .text.usb_stor_write
                0x000000008780c8f0      0x114 common/built-in.o
                0x000000008780c8f0                usb_stor_write
 .text.usb_stor_read
                0x000000008780ca04      0x114 common/built-in.o
                0x000000008780ca04                usb_stor_read
 .text.usb_stor_get_dev
                0x000000008780cb18       0x1c common/built-in.o
                0x000000008780cb18                usb_stor_get_dev
 .text.usb_stor_info
                0x000000008780cb34       0x4c common/built-in.o
                0x000000008780cb34                usb_stor_info
 .text.usb_storage_probe
                0x000000008780cb80      0x15c common/built-in.o
                0x000000008780cb80                usb_storage_probe
 .text.usb_stor_get_info
                0x000000008780ccdc      0x22c common/built-in.o
                0x000000008780ccdc                usb_stor_get_info
 .text.usb_stor_scan
                0x000000008780cf08      0x148 common/built-in.o
                0x000000008780cf08                usb_stor_scan
 .text.do_imgextract
                0x000000008780d050      0x1b8 common/built-in.o
 .text.do_env_delete
                0x000000008780d208       0x6c common/built-in.o
 .text.do_env_exists
                0x000000008780d274       0x40 common/built-in.o
 .text.do_env_save
                0x000000008780d2b4       0x20 common/built-in.o
 .text.do_env   0x000000008780d2d4       0x3c common/built-in.o
 .text.env_print
                0x000000008780d310       0x74 common/built-in.o
 .text.do_env_print
                0x000000008780d384       0x80 common/built-in.o
 .text.do_env_import
                0x000000008780d404      0x190 common/built-in.o
 .text.do_env_default
                0x000000008780d594       0x54 common/built-in.o
 .text._do_env_set.isra.0
                0x000000008780d5e8      0x128 common/built-in.o
 .text.do_env_set
                0x000000008780d710       0x12 common/built-in.o
 *fill*         0x000000008780d722        0x2 
 .text.get_env_id
                0x000000008780d724        0xc common/built-in.o
                0x000000008780d724                get_env_id
 .text.setenv   0x000000008780d730       0x38 common/built-in.o
                0x000000008780d730                setenv
 .text.setenv_ulong
                0x000000008780d768       0x16 common/built-in.o
                0x000000008780d768                setenv_ulong
 *fill*         0x000000008780d77e        0x2 
 .text.setenv_hex
                0x000000008780d780       0x20 common/built-in.o
                0x000000008780d780                setenv_hex
 .text.do_env_export
                0x000000008780d7a0      0x16c common/built-in.o
 .text.envmatch
                0x000000008780d90c       0x3c common/built-in.o
                0x000000008780d90c                envmatch
 .text.getenv_f
                0x000000008780d948       0x7c common/built-in.o
                0x000000008780d948                getenv_f
 .text.getenv   0x000000008780d9c4       0x50 common/built-in.o
                0x000000008780d9c4                getenv
 .text.getenv_hex
                0x000000008780da14       0x22 common/built-in.o
                0x000000008780da14                getenv_hex
 .text.getenv_ulong
                0x000000008780da36       0x1c common/built-in.o
                0x000000008780da36                getenv_ulong
 *fill*         0x000000008780da52        0x2 
 .text.do_env_edit
                0x000000008780da54       0x54 common/built-in.o
 .text.env_get_char_spec
                0x000000008780daa8        0x8 common/built-in.o
                0x000000008780daa8                env_get_char_spec
 .text.env_get_addr
                0x000000008780dab0       0x18 common/built-in.o
                0x000000008780dab0                env_get_addr
 .text.env_get_char_memory
                0x000000008780dac8        0xa common/built-in.o
                0x000000008780dac8                env_get_char_memory
 *fill*         0x000000008780dad2        0x2 
 .text.env_get_char
                0x000000008780dad4       0x20 common/built-in.o
                0x000000008780dad4                env_get_char
 .text.getenv_yesno
                0x000000008780daf4       0x2a common/built-in.o
                0x000000008780daf4                getenv_yesno
 .text.getenv_default
                0x000000008780db1e       0x2a common/built-in.o
                0x000000008780db1e                getenv_default
 .text.set_default_env
                0x000000008780db48       0x80 common/built-in.o
                0x000000008780db48                set_default_env
 .text.set_default_vars
                0x000000008780dbc8       0x28 common/built-in.o
                0x000000008780dbc8                set_default_vars
 .text.env_import
                0x000000008780dbf0       0x94 common/built-in.o
                0x000000008780dbf0                env_import
 .text.env_export
                0x000000008780dc84       0x64 common/built-in.o
                0x000000008780dc84                env_export
 .text.env_relocate
                0x000000008780dce8       0x28 common/built-in.o
                0x000000008780dce8                env_relocate
 .text.env_complete
                0x000000008780dd10       0x90 common/built-in.o
                0x000000008780dd10                env_complete
 .text.console_setfile
                0x000000008780dda0       0x74 common/built-in.o
 .text.putc     0x000000008780de14       0x24 common/built-in.o
                0x000000008780de14                putc
 .text.puts     0x000000008780de38       0x24 common/built-in.o
                0x000000008780de38                puts
 .text.printf   0x000000008780de5c       0x34 common/built-in.o
                0x000000008780de5c                printf
 .text.fgetc    0x000000008780de90       0x18 common/built-in.o
                0x000000008780de90                fgetc
 .text.getc     0x000000008780dea8       0x1a common/built-in.o
                0x000000008780dea8                getc
 *fill*         0x000000008780dec2        0x2 
 .text.ftstc    0x000000008780dec4       0x18 common/built-in.o
                0x000000008780dec4                ftstc
 .text.tstc     0x000000008780dedc       0x1a common/built-in.o
                0x000000008780dedc                tstc
 .text.vprintf  0x000000008780def6       0x20 common/built-in.o
                0x000000008780def6                vprintf
 *fill*         0x000000008780df16        0x2 
 .text.ctrlc    0x000000008780df18       0x38 common/built-in.o
                0x000000008780df18                ctrlc
 .text.confirm_yesno
                0x000000008780df50       0x84 common/built-in.o
                0x000000008780df50                confirm_yesno
 .text.had_ctrlc
                0x000000008780dfd4        0xc common/built-in.o
                0x000000008780dfd4                had_ctrlc
 .text.clear_ctrlc
                0x000000008780dfe0        0xc common/built-in.o
                0x000000008780dfe0                clear_ctrlc
 .text.search_device
                0x000000008780dfec       0x16 common/built-in.o
                0x000000008780dfec                search_device
 .text.console_assign
                0x000000008780e002       0x2a common/built-in.o
                0x000000008780e002                console_assign
 .text.on_console
                0x000000008780e02c       0x70 common/built-in.o
 .text.console_init_f
                0x000000008780e09c        0xa common/built-in.o
                0x000000008780e09c                console_init_f
 *fill*         0x000000008780e0a6        0x2 
 .text.stdio_print_current_devices
                0x000000008780e0a8       0x78 common/built-in.o
                0x000000008780e0a8                stdio_print_current_devices
 .text.console_init_r
                0x000000008780e120       0x8c common/built-in.o
                0x000000008780e120                console_init_r
 .text.sbrk     0x000000008780e1ac       0x44 common/built-in.o
                0x000000008780e1ac                sbrk
 .text.mem_malloc_init
                0x000000008780e1f0       0x28 common/built-in.o
                0x000000008780e1f0                mem_malloc_init
 .text.malloc_trim
                0x000000008780e218       0x80 common/built-in.o
                0x000000008780e218                malloc_trim
 .text.free     0x000000008780e298      0x168 common/built-in.o
                0x000000008780e298                free
 .text.malloc   0x000000008780e400      0x404 common/built-in.o
                0x000000008780e400                malloc
 .text.calloc   0x000000008780e804       0xbc common/built-in.o
                0x000000008780e804                calloc
 .text.realloc  0x000000008780e8c0      0x344 common/built-in.o
                0x000000008780e8c0                realloc
 .text.memalign
                0x000000008780ec04       0xc2 common/built-in.o
                0x000000008780ec04                memalign
 .text.malloc_simple
                0x000000008780ecc6       0x28 common/built-in.o
                0x000000008780ecc6                malloc_simple
 *fill*         0x000000008780ecee        0x2 
 .text.on_loadaddr
                0x000000008780ecf0       0x20 common/built-in.o
 .text.image_check_hcrc
                0x000000008780ed10       0x2a common/built-in.o
                0x000000008780ed10                image_check_hcrc
 .text.image_check_dcrc
                0x000000008780ed3a       0x22 common/built-in.o
                0x000000008780ed3a                image_check_dcrc
 .text.image_multi_count
                0x000000008780ed5c       0x12 common/built-in.o
                0x000000008780ed5c                image_multi_count
 .text.image_multi_getimg
                0x000000008780ed6e       0x50 common/built-in.o
                0x000000008780ed6e                image_multi_getimg
 *fill*         0x000000008780edbe        0x2 
 .text.getenv_bootm_low
                0x000000008780edc0       0x20 common/built-in.o
                0x000000008780edc0                getenv_bootm_low
 .text.getenv_bootm_size
                0x000000008780ede0       0x3c common/built-in.o
                0x000000008780ede0                getenv_bootm_size
 .text.getenv_bootm_mapsize
                0x000000008780ee1c       0x20 common/built-in.o
                0x000000008780ee1c                getenv_bootm_mapsize
 .text.memmove_wd
                0x000000008780ee3c        0xa common/built-in.o
                0x000000008780ee3c                memmove_wd
 *fill*         0x000000008780ee46        0x2 
 .text.genimg_print_size
                0x000000008780ee48       0x24 common/built-in.o
                0x000000008780ee48                genimg_print_size
 .text.get_table_entry_name
                0x000000008780ee6c       0x16 common/built-in.o
                0x000000008780ee6c                get_table_entry_name
 *fill*         0x000000008780ee82        0x2 
 .text.genimg_get_os_name
                0x000000008780ee84       0x14 common/built-in.o
                0x000000008780ee84                genimg_get_os_name
 .text.genimg_get_arch_name
                0x000000008780ee98       0x14 common/built-in.o
                0x000000008780ee98                genimg_get_arch_name
 .text.genimg_get_type_name
                0x000000008780eeac       0x14 common/built-in.o
                0x000000008780eeac                genimg_get_type_name
 .text.genimg_get_comp_name
                0x000000008780eec0       0x14 common/built-in.o
                0x000000008780eec0                genimg_get_comp_name
 .text.image_print_contents
                0x000000008780eed4       0xf8 common/built-in.o
                0x000000008780eed4                image_print_contents
 .text.genimg_get_kernel_addr_fit
                0x000000008780efcc       0x14 common/built-in.o
                0x000000008780efcc                genimg_get_kernel_addr_fit
 .text.genimg_get_format
                0x000000008780efe0       0x20 common/built-in.o
                0x000000008780efe0                genimg_get_format
 .text.genimg_get_image
                0x000000008780f000        0x2 common/built-in.o
                0x000000008780f000                genimg_get_image
 .text.genimg_has_config
                0x000000008780f002        0x4 common/built-in.o
                0x000000008780f002                genimg_has_config
 *fill*         0x000000008780f006        0x2 
 .text.boot_get_ramdisk
                0x000000008780f008      0x174 common/built-in.o
                0x000000008780f008                boot_get_ramdisk
 .text.boot_ramdisk_high
                0x000000008780f17c       0xc8 common/built-in.o
                0x000000008780f17c                boot_ramdisk_high
 .text.boot_get_setup
                0x000000008780f244        0x6 common/built-in.o
                0x000000008780f244                boot_get_setup
 .text.image_setup_linux
                0x000000008780f24a       0x52 common/built-in.o
                0x000000008780f24a                image_setup_linux
 .text.fdt_error
                0x000000008780f29c       0x24 common/built-in.o
 .text.boot_fdt_add_mem_rsv_regions
                0x000000008780f2c0       0x5c common/built-in.o
                0x000000008780f2c0                boot_fdt_add_mem_rsv_regions
 .text.boot_relocate_fdt
                0x000000008780f31c      0x10c common/built-in.o
                0x000000008780f31c                boot_relocate_fdt
 .text.boot_get_fdt
                0x000000008780f428      0x1a8 common/built-in.o
                0x000000008780f428                boot_get_fdt
 .text.ft_verify_fdt
                0x000000008780f5d0        0x4 common/built-in.o
                0x000000008780f5d0                ft_verify_fdt
 .text.image_setup_libfdt
                0x000000008780f5d4       0x90 common/built-in.o
                0x000000008780f5d4                image_setup_libfdt
 .text.get_effective_memsize
                0x000000008780f664        0x6 common/built-in.o
                0x000000008780f664                get_effective_memsize
 .text.stdio_serial_tstc
                0x000000008780f66a        0x4 common/built-in.o
 .text.stdio_serial_getc
                0x000000008780f66e        0x4 common/built-in.o
 .text.stdio_serial_puts
                0x000000008780f672        0x6 common/built-in.o
 .text.stdio_serial_putc
                0x000000008780f678        0x6 common/built-in.o
 *fill*         0x000000008780f67e        0x2 
 .text.stdio_get_list
                0x000000008780f680        0x8 common/built-in.o
                0x000000008780f680                stdio_get_list
 .text.stdio_get_by_name
                0x000000008780f688       0x30 common/built-in.o
                0x000000008780f688                stdio_get_by_name
 .text.stdio_clone
                0x000000008780f6b8       0x22 common/built-in.o
                0x000000008780f6b8                stdio_clone
 *fill*         0x000000008780f6da        0x2 
 .text.stdio_register_dev
                0x000000008780f6dc       0x30 common/built-in.o
                0x000000008780f6dc                stdio_register_dev
 .text.stdio_register
                0x000000008780f70c        0x6 common/built-in.o
                0x000000008780f70c                stdio_register
 *fill*         0x000000008780f712        0x2 
 .text.stdio_init_tables
                0x000000008780f714       0x14 common/built-in.o
                0x000000008780f714                stdio_init_tables
 .text.stdio_add_devices
                0x000000008780f728       0x58 common/built-in.o
                0x000000008780f728                stdio_add_devices
 .text.run_command
                0x000000008780f780        0xe common/built-in.o
                0x000000008780f780                run_command
 .text.run_command_list
                0x000000008780f78e       0x38 common/built-in.o
                0x000000008780f78e                run_command_list
 *fill*         0x000000008780f7c6        0x2 
 .text.do_run   0x000000008780f7c8       0x50 common/built-in.o
                0x000000008780f7c8                do_run
 .text.cli_loop
                0x000000008780f818        0x8 common/built-in.o
                0x000000008780f818                cli_loop
 .text.cli_init
                0x000000008780f820        0x4 common/built-in.o
                0x000000008780f820                cli_init
 .text.delete_char.part.0
                0x000000008780f824       0x88 common/built-in.o
 .text.cread_add_char
                0x000000008780f8ac       0x80 common/built-in.o
 .text.cli_readline_into_buffer
                0x000000008780f92c      0x624 common/built-in.o
                0x000000008780f92c                cli_readline_into_buffer
 .text.cli_readline
                0x000000008780ff50       0x10 common/built-in.o
                0x000000008780ff50                cli_readline
 .text.find_cmd_tbl
                0x000000008780ff60       0x64 common/built-in.o
                0x000000008780ff60                find_cmd_tbl
 .text.find_cmd
                0x000000008780ffc4       0x1c common/built-in.o
                0x000000008780ffc4                find_cmd
 .text.cmd_usage
                0x000000008780ffe0       0x3c common/built-in.o
                0x000000008780ffe0                cmd_usage
 .text._do_help
                0x000000008781001c      0x104 common/built-in.o
                0x000000008781001c                _do_help
 .text.var_complete
                0x0000000087810120       0x48 common/built-in.o
                0x0000000087810120                var_complete
 .text.cmd_auto_complete
                0x0000000087810168      0x2fc common/built-in.o
                0x0000000087810168                cmd_auto_complete
 .text.cmd_get_data_size
                0x0000000087810464       0x38 common/built-in.o
                0x0000000087810464                cmd_get_data_size
 .text.cmd_process
                0x000000008781049c       0x94 common/built-in.o
                0x000000008781049c                cmd_process
 .text.cmd_process_error
                0x0000000087810530       0x1c common/built-in.o
                0x0000000087810530                cmd_process_error
 .text.hex1_bin
                0x000000008781054c       0x2a common/built-in.o
 .text.hex2_bin
                0x0000000087810576       0x24 common/built-in.o
 .text.srec_decode
                0x000000008781059a      0x184 common/built-in.o
                0x000000008781059a                srec_decode
 *fill*         0x000000008781071e        0x2 
 .text.CYGACC_COMM_IF_GETC_TIMEOUT.isra.0
                0x0000000087810720       0x2c common/built-in.o
 .text.xyzModem_flush
                0x000000008781074c       0x14 common/built-in.o
 .text.xyzModem_get_hdr
                0x0000000087810760      0x16c common/built-in.o
 .text.xyzModem_stream_open
                0x00000000878108cc      0x17c common/built-in.o
                0x00000000878108cc                xyzModem_stream_open
 .text.xyzModem_stream_read
                0x0000000087810a48      0x1c0 common/built-in.o
                0x0000000087810a48                xyzModem_stream_read
 .text.xyzModem_stream_close
                0x0000000087810c08       0x40 common/built-in.o
                0x0000000087810c08                xyzModem_stream_close
 .text.xyzModem_stream_terminate
                0x0000000087810c48       0x68 common/built-in.o
                0x0000000087810c48                xyzModem_stream_terminate
 .text.xyzModem_error
                0x0000000087810cb0       0x18 common/built-in.o
                0x0000000087810cb0                xyzModem_error
 .text.common_diskboot
                0x0000000087810cc8      0x188 common/built-in.o
                0x0000000087810cc8                common_diskboot
 .text.get_dev_hwpart
                0x0000000087810e50       0x64 disk/built-in.o
 .text.dev_print
                0x0000000087810eb4      0x154 disk/built-in.o
                0x0000000087810eb4                dev_print
 .text.init_part
                0x0000000087811008       0x14 disk/built-in.o
                0x0000000087811008                init_part
 .text.print_part
                0x000000008781101c       0xa0 disk/built-in.o
                0x000000008781101c                print_part
 .text.get_partition_info
                0x00000000878110bc       0x1c disk/built-in.o
                0x00000000878110bc                get_partition_info
 .text.get_device
                0x00000000878110d8       0xa4 disk/built-in.o
                0x00000000878110d8                get_device
 .text.get_device_and_partition
                0x000000008781117c      0x290 disk/built-in.o
                0x000000008781117c                get_device_and_partition
 .text.test_block_type
                0x000000008781140c       0x50 disk/built-in.o
 .text.print_partition_extended
                0x000000008781145c      0x1b8 disk/built-in.o
 .text.get_partition_info_extended.constprop.1
                0x0000000087811614      0x1f8 disk/built-in.o
 .text.test_part_dos
                0x000000008781180c       0x42 disk/built-in.o
                0x000000008781180c                test_part_dos
 *fill*         0x000000008781184e        0x2 
 .text.print_part_dos
                0x0000000087811850       0x20 disk/built-in.o
                0x0000000087811850                print_part_dos
 .text.get_partition_info_dos
                0x0000000087811870       0x16 disk/built-in.o
                0x0000000087811870                get_partition_info_dos
 *fill*         0x0000000087811886        0x2 
 .text.device_bind
                0x0000000087811888      0x174 drivers/built-in.o
                0x0000000087811888                device_bind
 .text.device_bind_by_name
                0x00000000878119fc       0x3e drivers/built-in.o
                0x00000000878119fc                device_bind_by_name
 .text.device_probe
                0x0000000087811a3a        0x6 drivers/built-in.o
                0x0000000087811a3a                device_probe
 .text.device_probe_child
                0x0000000087811a40      0x120 drivers/built-in.o
                0x0000000087811a40                device_probe_child
 .text.dev_get_platdata
                0x0000000087811b60       0x20 drivers/built-in.o
                0x0000000087811b60                dev_get_platdata
 .text.dev_get_priv
                0x0000000087811b80       0x20 drivers/built-in.o
                0x0000000087811b80                dev_get_priv
 .text.lists_driver_lookup_name
                0x0000000087811ba0       0x2c drivers/built-in.o
                0x0000000087811ba0                lists_driver_lookup_name
 .text.lists_uclass_lookup
                0x0000000087811bcc       0x24 drivers/built-in.o
                0x0000000087811bcc                lists_uclass_lookup
 .text.lists_bind_drivers
                0x0000000087811bf0       0x58 drivers/built-in.o
                0x0000000087811bf0                lists_bind_drivers
 .text.dm_root  0x0000000087811c48       0x1c drivers/built-in.o
                0x0000000087811c48                dm_root
 .text.dm_init  0x0000000087811c64       0x44 drivers/built-in.o
                0x0000000087811c64                dm_init
 .text.dm_scan_platdata
                0x0000000087811ca8       0x20 drivers/built-in.o
                0x0000000087811ca8                dm_scan_platdata
 .text.dm_scan_other
                0x0000000087811cc8        0x4 drivers/built-in.o
                0x0000000087811cc8                dm_scan_other
 .text.dm_init_and_scan
                0x0000000087811ccc       0x1e drivers/built-in.o
                0x0000000087811ccc                dm_init_and_scan
 .text.uclass_find
                0x0000000087811cea       0x2a drivers/built-in.o
                0x0000000087811cea                uclass_find
 .text.uclass_get
                0x0000000087811d14       0xb4 drivers/built-in.o
                0x0000000087811d14                uclass_get
 .text.uclass_find_device
                0x0000000087811dc8       0x3a drivers/built-in.o
                0x0000000087811dc8                uclass_find_device
 .text.uclass_find_device_by_seq
                0x0000000087811e02       0x4a drivers/built-in.o
                0x0000000087811e02                uclass_find_device_by_seq
 .text.uclass_get_device
                0x0000000087811e4c       0x20 drivers/built-in.o
                0x0000000087811e4c                uclass_get_device
 .text.uclass_bind_device
                0x0000000087811e6c       0x4e drivers/built-in.o
                0x0000000087811e6c                uclass_bind_device
 .text.uclass_unbind_device
                0x0000000087811eba       0x24 drivers/built-in.o
                0x0000000087811eba                uclass_unbind_device
 *fill*         0x0000000087811ede        0x2 
 .text.uclass_resolve_seq
                0x0000000087811ee0       0x64 drivers/built-in.o
                0x0000000087811ee0                uclass_resolve_seq
 .text.uclass_pre_probe_child
                0x0000000087811f44       0x12 drivers/built-in.o
                0x0000000087811f44                uclass_pre_probe_child
 .text.uclass_post_probe_device
                0x0000000087811f56        0xe drivers/built-in.o
                0x0000000087811f56                uclass_post_probe_device
 .text.uclass_pre_remove_device
                0x0000000087811f64       0x2e drivers/built-in.o
                0x0000000087811f64                uclass_pre_remove_device
 .text.dm_warn  0x0000000087811f92       0x1a drivers/built-in.o
                0x0000000087811f92                dm_warn
 .text.device_free
                0x0000000087811fac       0x44 drivers/built-in.o
                0x0000000087811fac                device_free
 .text.device_remove
                0x0000000087811ff0       0xcc drivers/built-in.o
                0x0000000087811ff0                device_remove
 .text.finish_access
                0x00000000878120bc       0x20 drivers/built-in.o
 .text.set_timing
                0x00000000878120dc       0x7c drivers/built-in.o
 .text.prepare_access
                0x0000000087812158       0x4c drivers/built-in.o
 .text.fuse_bank_physical
                0x00000000878121a4       0x4c drivers/built-in.o
                0x00000000878121a4                fuse_bank_physical
 .text.fuse_read
                0x00000000878121f0       0x48 drivers/built-in.o
                0x00000000878121f0                fuse_read
 .text.fuse_sense
                0x0000000087812238       0x68 drivers/built-in.o
                0x0000000087812238                fuse_sense
 .text.fuse_prog
                0x00000000878122a0       0x6c drivers/built-in.o
                0x00000000878122a0                fuse_prog
 .text.fuse_override
                0x000000008781230c       0x44 drivers/built-in.o
                0x000000008781230c                fuse_override
 .text.reset_cpu
                0x0000000087812350       0x18 drivers/built-in.o
                0x0000000087812350                reset_cpu
 .text.thermal_get_temp
                0x0000000087812368       0x10 drivers/built-in.o
                0x0000000087812368                thermal_get_temp
 .text.read_cpu_temperature
                0x0000000087812378      0x108 drivers/built-in.o
 .text.imx_thermal_get_temp
                0x0000000087812480       0x38 drivers/built-in.o
                0x0000000087812480                imx_thermal_get_temp
 .text.imx_thermal_probe
                0x00000000878124b8       0x50 drivers/built-in.o
 .text.gpio_set_value
                0x0000000087812508       0x34 drivers/gpio/built-in.o
                0x0000000087812508                gpio_set_value
 .text.gpio_get_value
                0x000000008781253c       0x28 drivers/gpio/built-in.o
                0x000000008781253c                gpio_get_value
 .text.gpio_request
                0x0000000087812564        0xc drivers/gpio/built-in.o
                0x0000000087812564                gpio_request
 .text.gpio_free
                0x0000000087812570        0x4 drivers/gpio/built-in.o
                0x0000000087812570                gpio_free
 .text.gpio_direction_input
                0x0000000087812574       0x2c drivers/gpio/built-in.o
                0x0000000087812574                gpio_direction_input
 .text.gpio_direction_output
                0x00000000878125a0       0x38 drivers/gpio/built-in.o
                0x00000000878125a0                gpio_direction_output
 .text.i2c_get_adapter
                0x00000000878125d8       0x40 drivers/i2c/built-in.o
                0x00000000878125d8                i2c_get_adapter
 .text.i2c_init_bus
                0x0000000087812618       0x64 drivers/i2c/built-in.o
 .text.i2c_get_bus_num
                0x000000008781267c        0x6 drivers/i2c/built-in.o
                0x000000008781267c                i2c_get_bus_num
 *fill*         0x0000000087812682        0x2 
 .text.i2c_set_bus_num
                0x0000000087812684       0x80 drivers/i2c/built-in.o
                0x0000000087812684                i2c_set_bus_num
 .text.i2c_init_all
                0x0000000087812704       0x10 drivers/i2c/built-in.o
                0x0000000087812704                i2c_init_all
 .text.i2c_probe
                0x0000000087812714       0x20 drivers/i2c/built-in.o
                0x0000000087812714                i2c_probe
 .text.i2c_read
                0x0000000087812734       0x34 drivers/i2c/built-in.o
                0x0000000087812734                i2c_read
 .text.i2c_write
                0x0000000087812768       0x34 drivers/i2c/built-in.o
                0x0000000087812768                i2c_write
 .text.i2c_set_bus_speed
                0x000000008781279c       0x44 drivers/i2c/built-in.o
                0x000000008781279c                i2c_set_bus_speed
 .text.i2c_get_bus_speed
                0x00000000878127e0        0xe drivers/i2c/built-in.o
                0x00000000878127e0                i2c_get_bus_speed
 .text.i2c_init
                0x00000000878127ee        0xe drivers/i2c/built-in.o
                0x00000000878127ee                i2c_init
 .text.wait_for_sr_state
                0x00000000878127fc       0x78 drivers/i2c/built-in.o
 .text.tx_byte  0x0000000087812874       0x20 drivers/i2c/built-in.o
 .text.i2c_imx_get_clk
                0x0000000087812894       0x40 drivers/i2c/built-in.o
 .text.i2c_imx_stop
                0x00000000878128d4       0x30 drivers/i2c/built-in.o
 .text.mxc_i2c_set_bus_speed
                0x0000000087812904       0x2c drivers/i2c/built-in.o
 .text.__i2c_force_reset_slave
                0x0000000087812930        0x2 drivers/i2c/built-in.o
                0x0000000087812930                __i2c_force_reset_slave
                0x0000000087812930                i2c_force_reset_slave
 *fill*         0x0000000087812932        0x2 
 .text.i2c_init_transfer
                0x0000000087812934      0x12c drivers/i2c/built-in.o
 .text.bus_i2c_read
                0x0000000087812a60       0xa2 drivers/i2c/built-in.o
                0x0000000087812a60                bus_i2c_read
 *fill*         0x0000000087812b02        0x2 
 .text.mxc_i2c_read
                0x0000000087812b04       0x14 drivers/i2c/built-in.o
 .text.bus_i2c_write
                0x0000000087812b18       0x30 drivers/i2c/built-in.o
                0x0000000087812b18                bus_i2c_write
 .text.mxc_i2c_write
                0x0000000087812b48       0x14 drivers/i2c/built-in.o
 .text.mxc_i2c_probe
                0x0000000087812b5c       0x20 drivers/i2c/built-in.o
 .text.bus_i2c_init
                0x0000000087812b7c       0x48 drivers/i2c/built-in.o
                0x0000000087812b7c                bus_i2c_init
 .text.mxc_i2c_init
                0x0000000087812bc4       0x1c drivers/i2c/built-in.o
 .text.esdhc_getcd
                0x0000000087812be0       0x28 drivers/mmc/built-in.o
 .text.esdhc_set_ios
                0x0000000087812c08       0xca drivers/mmc/built-in.o
 *fill*         0x0000000087812cd2        0x2 
 .text.esdhc_init
                0x0000000087812cd4       0x6c drivers/mmc/built-in.o
 .text.check_and_invalidate_dcache_range.isra.0
                0x0000000087812d40       0x22 drivers/mmc/built-in.o
 *fill*         0x0000000087812d62        0x2 
 .text.esdhc_send_cmd
                0x0000000087812d64      0x2a8 drivers/mmc/built-in.o
 .text.fsl_esdhc_initialize
                0x000000008781300c       0xec drivers/mmc/built-in.o
                0x000000008781300c                fsl_esdhc_initialize
 .text.fsl_esdhc_mmc_init
                0x00000000878130f8       0x22 drivers/mmc/built-in.o
                0x00000000878130f8                fsl_esdhc_mmc_init
 .text.mmc_set_ios
                0x000000008781311a        0xc drivers/mmc/built-in.o
 .text.mmc_set_capacity
                0x0000000087813126       0x64 drivers/mmc/built-in.o
 .text.board_mmc_getwp
                0x000000008781318a        0x6 drivers/mmc/built-in.o
                0x000000008781318a                board_mmc_getwp
 .text.mmc_getwp
                0x0000000087813190       0x20 drivers/mmc/built-in.o
                0x0000000087813190                mmc_getwp
 .text.mmc_send_cmd
                0x00000000878131b0        0x8 drivers/mmc/built-in.o
                0x00000000878131b0                mmc_send_cmd
 .text.mmc_send_ext_csd
                0x00000000878131b8       0x2e drivers/mmc/built-in.o
 .text.mmc_go_idle
                0x00000000878131e6       0x32 drivers/mmc/built-in.o
 .text.mmc_send_op_cond_iter
                0x0000000087813218       0x50 drivers/mmc/built-in.o
 .text.mmc_send_status
                0x0000000087813268       0x88 drivers/mmc/built-in.o
                0x0000000087813268                mmc_send_status
 .text.mmc_switch.isra.0
                0x00000000878132f0       0x34 drivers/mmc/built-in.o
 .text.mmc_set_blocklen
                0x0000000087813324       0x26 drivers/mmc/built-in.o
                0x0000000087813324                mmc_set_blocklen
 *fill*         0x000000008781334a        0x2 
 .text.find_mmc_device
                0x000000008781334c       0x30 drivers/mmc/built-in.o
                0x000000008781334c                find_mmc_device
 .text.mmc_bread
                0x000000008781337c       0xc8 drivers/mmc/built-in.o
 .text.mmc_switch_part
                0x0000000087813444       0x3c drivers/mmc/built-in.o
                0x0000000087813444                mmc_switch_part
 .text.mmc_select_hwpart
                0x0000000087813480       0x48 drivers/mmc/built-in.o
                0x0000000087813480                mmc_select_hwpart
 .text.mmc_hwpart_config
                0x00000000878134c8      0x2c4 drivers/mmc/built-in.o
                0x00000000878134c8                mmc_hwpart_config
 .text.mmc_getcd
                0x000000008781378c       0x20 drivers/mmc/built-in.o
                0x000000008781378c                mmc_getcd
 .text.mmc_set_clock
                0x00000000878137ac       0x1c drivers/mmc/built-in.o
                0x00000000878137ac                mmc_set_clock
 .text.mmc_startup
                0x00000000878137c8      0x88c drivers/mmc/built-in.o
 .text.mmc_create
                0x0000000087814054       0x98 drivers/mmc/built-in.o
                0x0000000087814054                mmc_create
 .text.board_mmc_power_init
                0x00000000878140ec        0x2 drivers/mmc/built-in.o
                0x00000000878140ec                board_mmc_power_init
 *fill*         0x00000000878140ee        0x2 
 .text.mmc_start_init
                0x00000000878140f0      0x1a0 drivers/mmc/built-in.o
                0x00000000878140f0                mmc_start_init
 .text.mmc_init
                0x0000000087814290       0x9c drivers/mmc/built-in.o
                0x0000000087814290                mmc_init
 .text.mmc_get_dev
                0x000000008781432c       0x1c drivers/mmc/built-in.o
                0x000000008781432c                mmc_get_dev
 .text.mmc_set_dsr
                0x0000000087814348        0x6 drivers/mmc/built-in.o
                0x0000000087814348                mmc_set_dsr
 *fill*         0x000000008781434e        0x2 
 .text.print_mmc_devices
                0x0000000087814350       0x84 drivers/mmc/built-in.o
                0x0000000087814350                print_mmc_devices
 .text.get_mmc_num
                0x00000000878143d4        0xc drivers/mmc/built-in.o
                0x00000000878143d4                get_mmc_num
 .text.mmc_initialize
                0x00000000878143e0       0x48 drivers/mmc/built-in.o
                0x00000000878143e0                mmc_initialize
 .text.mmc_berase
                0x0000000087814428      0x108 drivers/mmc/built-in.o
                0x0000000087814428                mmc_berase
 .text.mmc_bwrite
                0x0000000087814530       0xe0 drivers/mmc/built-in.o
                0x0000000087814530                mmc_bwrite
 .text.spi_flash_probe_slave
                0x0000000087814610      0x2d0 drivers/mtd/spi/built-in.o
                0x0000000087814610                spi_flash_probe_slave
 .text.spi_flash_probe_tail
                0x00000000878148e0       0x2e drivers/mtd/spi/built-in.o
                0x00000000878148e0                spi_flash_probe_tail
 .text.spi_flash_probe
                0x000000008781490e       0x12 drivers/mtd/spi/built-in.o
                0x000000008781490e                spi_flash_probe
 .text.spi_flash_free
                0x0000000087814920       0x14 drivers/mtd/spi/built-in.o
                0x0000000087814920                spi_flash_free
 .text.spi_flash_read_write
                0x0000000087814934       0x40 drivers/mtd/spi/built-in.o
 .text.spi_flash_cmd_read
                0x0000000087814974       0x12 drivers/mtd/spi/built-in.o
                0x0000000087814974                spi_flash_cmd_read
 .text.spi_flash_cmd
                0x0000000087814986       0x18 drivers/mtd/spi/built-in.o
                0x0000000087814986                spi_flash_cmd
 .text.spi_flash_cmd_write
                0x000000008781499e       0x12 drivers/mtd/spi/built-in.o
                0x000000008781499e                spi_flash_cmd_write
 .text.spi_flash_cmd_wait_ready
                0x00000000878149b0       0x92 drivers/mtd/spi/built-in.o
                0x00000000878149b0                spi_flash_cmd_wait_ready
 .text.spi_flash_write_common
                0x0000000087814a42       0x60 drivers/mtd/spi/built-in.o
                0x0000000087814a42                spi_flash_write_common
 .text.spi_flash_bank
                0x0000000087814aa2       0x3e drivers/mtd/spi/built-in.o
 .text.spi_flash_cmd_erase_ops
                0x0000000087814ae0       0x76 drivers/mtd/spi/built-in.o