soc.c:190:12:set_ldo_voltage	16	static
soc.c:61:5:get_nr_cpus	0	static
soc.c:67:5:get_cpu_rev	0	static
soc.c:96:12:get_board_rev	8	static
soc.c:110:6:init_aips	0	static
soc.c:322:6:vadc_power_up	24	static
soc.c:354:6:vadc_power_down	0	static
soc.c:372:6:pcie_power_up	0	static
soc.c:377:6:pcie_power_off	0	static
soc.c:421:5:arch_cpu_init	8	static
soc.c:516:5:board_postclk_init	8	static
soc.c:537:6:enable_caches	8	static
soc.c:562:6:imx_get_mac_from_fuse	0	static
soc.c:607:5:arch_auxiliary_core_up	0	static
soc.c:630:5:arch_auxiliary_core_check_up	0	static
soc.c:644:6:boot_mode_apply	0	static
soc.c:679:18:get_boot_device	0	static
soc.c:722:6:s_init	8	static
soc.c:766:6:set_wdog_reset	0	static
soc.c:788:6:reset_misc	0	static
soc.c:800:5:check_ldo_bypass	8	static
soc.c:824:5:check_1_2G	8	static
soc.c:855:6:set_arm_freq_400M	0	static
soc.c:865:6:prep_anatop_bypass	0	static
soc.c:888:5:set_anatop_bypass	8	static
soc.c:908:6:finish_anatop_bypass	0	static
soc.c:969:6:v7_outer_cache_enable	8	static
soc.c:1020:6:v7_outer_cache_disable	0	static
